[36m<DocumentFragment>[39m
  [36m<span[39m
    [33mclass[39m=[32m"menu menu__menu--reverse"[39m
  [36m>[39m
    [36m<div[39m
      [33mclass[39m=[32m"menu__items"[39m
      [33mid[39m=[32m"s0-menu"[39m
      [33mrole[39m=[32m"menu"[39m
    [36m>[39m
      [36m<div[39m
        [33mclass[39m=[32m"menu__item"[39m
        [33mrole[39m=[32m"menuitem"[39m
      [36m>[39m
        [36m<span>[39m
          [0mitem 1 that has very long text[0m
        [36m</span>[39m
        [36m<svg[39m
          [33maria-hidden[39m=[32m"true"[39m
          [33mclass[39m=[32m"icon icon--tick-small"[39m
          [33mfocusable[39m=[32m"false"[39m
        [36m>[39m
          [36m<defs>[39m
            [36m<symbol[39m
              [33mid[39m=[32m"icon-tick-small"[39m
              [33mviewBox[39m=[32m"0 0 12 9"[39m
            [36m>[39m
              [36m<path[39m
                [33md[39m=[32m"M11.714.29a1 1 0 00-1.41 0l-6.3 6.3-2.29-2.3a1.004 1.004 0 00-1.42 1.42l3 3a1 1 0 001.41 0l7-7a1 1 0 00.01-1.42z"[39m
                [33mfill-rule[39m=[32m"evenodd"[39m
              [36m/>[39m
            [36m</symbol>[39m
          [36m</defs>[39m
          [36m<use[39m
            [33mxlink:href[39m=[32m"#icon-tick-small"[39m
          [36m/>[39m
        [36m</svg>[39m
      [36m</div>[39m
      [36m<div[39m
        [33mclass[39m=[32m"menu__item"[39m
        [33mrole[39m=[32m"menuitem"[39m
      [36m>[39m
        [36m<span>[39m
          [0mitem 2[0m
        [36m</span>[39m
        [36m<svg[39m
          [33maria-hidden[39m=[32m"true"[39m
          [33mclass[39m=[32m"icon icon--tick-small"[39m
          [33mfocusable[39m=[32m"false"[39m
        [36m>[39m
          [36m<use[39m
            [33mxlink:href[39m=[32m"#icon-tick-small"[39m
          [36m/>[39m
        [36m</svg>[39m
      [36m</div>[39m
      [36m<div[39m
        [33mclass[39m=[32m"menu__item"[39m
        [33mrole[39m=[32m"menuitem"[39m
      [36m>[39m
        [36m<span>[39m
          [0mitem 3[0m
        [36m</span>[39m
        [36m<svg[39m
          [33maria-hidden[39m=[32m"true"[39m
          [33mclass[39m=[32m"icon icon--tick-small"[39m
          [33mfocusable[39m=[32m"false"[39m
        [36m>[39m
          [36m<use[39m
            [33mxlink:href[39m=[32m"#icon-tick-small"[39m
          [36m/>[39m
        [36m</svg>[39m
      [36m</div>[39m
    [36m</div>[39m
  [36m</span>[39m
[36m</DocumentFragment>[39m