[36m<DocumentFragment>[39m
  [36m<h3>[39m
    [0mClick inside the menu, then type a name to see focus change. The search will see if any names start with the input, then if there are no matches it will search for the input string anywhere in the names.[0m
  [36m</h3>[39m
  [36m<h4>[39m
    [0mWait 2 seconds for the typeahead to reset and then try typing again to reset the search.[0m
  [36m</h4>[39m
  [36m<span[39m
    [33mclass[39m=[32m"menu"[39m
    [33mtext[39m=[32m"Button"[39m
  [36m>[39m
    [36m<div[39m
      [33mclass[39m=[32m"menu__items"[39m
      [33mid[39m=[32m"s0-2-menu"[39m
      [33mrole[39m=[32m"menu"[39m
    [36m>[39m
      [36m<div[39m
        [33mclass[39m=[32m"menu__item"[39m
        [33mrole[39m=[32m"menuitem"[39m
      [36m>[39m
        [36m<span>[39m
          [0mAlbania[0m
        [36m</span>[39m
        [36m<svg[39m
          [33maria-hidden[39m=[32m"true"[39m
          [33mclass[39m=[32m"icon icon--tick-16"[39m
          [33mfocusable[39m=[32m"false"[39m
        [36m>[39m
          [36m<defs>[39m
            [36m<symbol[39m
              [33mid[39m=[32m"icon-tick-16"[39m
              [33mviewBox[39m=[32m"0 0 16 16"[39m
            [36m>[39m
              [36m<path[39m
                [33mclip-rule[39m=[32m"evenodd"[39m
                [33md[39m=[32m"M13.707 5.707a1 1 0 0 0-1.414-1.414L6 10.586 3.707 8.293a1 1 0 0 0-1.414 1.414l3 3a1 1 0 0 0 1.414 0l7-7Z"[39m
                [33mfill-rule[39m=[32m"evenodd"[39m
              [36m/>[39m
            [36m</symbol>[39m
          [36m</defs>[39m
          [36m<use[39m
            [33mxlink:href[39m=[32m"#icon-tick-16"[39m
          [36m/>[39m
        [36m</svg>[39m
      [36m</div>[39m
      [36m<div[39m
        [33mclass[39m=[32m"menu__item"[39m
        [33mrole[39m=[32m"menuitem"[39m
      [36m>[39m
        [36m<span>[39m
          [0mAlcania[0m
        [36m</span>[39m
        [36m<svg[39m
          [33maria-hidden[39m=[32m"true"[39m
          [33mclass[39m=[32m"icon icon--tick-16"[39m
          [33mfocusable[39m=[32m"false"[39m
        [36m>[39m
          [36m<use[39m
            [33mxlink:href[39m=[32m"#icon-tick-16"[39m
          [36m/>[39m
        [36m</svg>[39m
      [36m</div>[39m
      [36m<div[39m
        [33mclass[39m=[32m"menu__item"[39m
        [33mrole[39m=[32m"menuitem"[39m
      [36m>[39m
        [36m<span>[39m
          [0mAlcdnia[0m
        [36m</span>[39m
        [36m<svg[39m
          [33maria-hidden[39m=[32m"true"[39m
          [33mclass[39m=[32m"icon icon--tick-16"[39m
          [33mfocusable[39m=[32m"false"[39m
        [36m>[39m
          [36m<use[39m
            [33mxlink:href[39m=[32m"#icon-tick-16"[39m
          [36m/>[39m
        [36m</svg>[39m
      [36m</div>[39m
      [36m<div[39m
        [33mclass[39m=[32m"menu__item"[39m
        [33mrole[39m=[32m"menuitem"[39m
      [36m>[39m
        [36m<span>[39m
          [0mAusten[0m
        [36m</span>[39m
        [36m<svg[39m
          [33maria-hidden[39m=[32m"true"[39m
          [33mclass[39m=[32m"icon icon--tick-16"[39m
          [33mfocusable[39m=[32m"false"[39m
        [36m>[39m
          [36m<use[39m
            [33mxlink:href[39m=[32m"#icon-tick-16"[39m
          [36m/>[39m
        [36m</svg>[39m
      [36m</div>[39m
      [36m<div[39m
        [33mclass[39m=[32m"menu__item"[39m
        [33mrole[39m=[32m"menuitem"[39m
      [36m>[39m
        [36m<span>[39m
          [0mAustin[0m
        [36m</span>[39m
        [36m<svg[39m
          [33maria-hidden[39m=[32m"true"[39m
          [33mclass[39m=[32m"icon icon--tick-16"[39m
          [33mfocusable[39m=[32m"false"[39m
        [36m>[39m
          [36m<use[39m
            [33mxlink:href[39m=[32m"#icon-tick-16"[39m
          [36m/>[39m
        [36m</svg>[39m
      [36m</div>[39m
      [36m<div[39m
        [33mclass[39m=[32m"menu__item"[39m
        [33mrole[39m=[32m"menuitem"[39m
      [36m>[39m
        [36m<span>[39m
          [0mJack[0m
        [36m</span>[39m
        [36m<svg[39m
          [33maria-hidden[39m=[32m"true"[39m
          [33mclass[39m=[32m"icon icon--tick-16"[39m
          [33mfocusable[39m=[32m"false"[39m
        [36m>[39m
          [36m<use[39m
            [33mxlink:href[39m=[32m"#icon-tick-16"[39m
          [36m/>[39m
        [36m</svg>[39m
      [36m</div>[39m
      [36m<div[39m
        [33mclass[39m=[32m"menu__item"[39m
        [33mrole[39m=[32m"menuitem"[39m
      [36m>[39m
        [36m<span>[39m
          [0mJackman[0m
        [36m</span>[39m
        [36m<svg[39m
          [33maria-hidden[39m=[32m"true"[39m
          [33mclass[39m=[32m"icon icon--tick-16"[39m
          [33mfocusable[39m=[32m"false"[39m
        [36m>[39m
          [36m<use[39m
            [33mxlink:href[39m=[32m"#icon-tick-16"[39m
          [36m/>[39m
        [36m</svg>[39m
      [36m</div>[39m
      [36m<div[39m
        [33mclass[39m=[32m"menu__item"[39m
        [33mrole[39m=[32m"menuitem"[39m
      [36m>[39m
        [36m<span>[39m
          [0mJackson[0m
        [36m</span>[39m
        [36m<svg[39m
          [33maria-hidden[39m=[32m"true"[39m
          [33mclass[39m=[32m"icon icon--tick-16"[39m
          [33mfocusable[39m=[32m"false"[39m
        [36m>[39m
          [36m<use[39m
            [33mxlink:href[39m=[32m"#icon-tick-16"[39m
          [36m/>[39m
        [36m</svg>[39m
      [36m</div>[39m
      [36m<div[39m
        [33mclass[39m=[32m"menu__item"[39m
        [33mrole[39m=[32m"menuitem"[39m
      [36m>[39m
        [36m<span>[39m
          [0mJasper[0m
        [36m</span>[39m
        [36m<svg[39m
          [33maria-hidden[39m=[32m"true"[39m
          [33mclass[39m=[32m"icon icon--tick-16"[39m
          [33mfocusable[39m=[32m"false"[39m
        [36m>[39m
          [36m<use[39m
            [33mxlink:href[39m=[32m"#icon-tick-16"[39m
          [36m/>[39m
        [36m</svg>[39m
      [36m</div>[39m
      [36m<div[39m
        [33mclass[39m=[32m"menu__item"[39m
        [33mrole[39m=[32m"menuitem"[39m
      [36m>[39m
        [36m<span>[39m
          [0mJulia[0m
        [36m</span>[39m
        [36m<svg[39m
          [33maria-hidden[39m=[32m"true"[39m
          [33mclass[39m=[32m"icon icon--tick-16"[39m
          [33mfocusable[39m=[32m"false"[39m
        [36m>[39m
          [36m<use[39m
            [33mxlink:href[39m=[32m"#icon-tick-16"[39m
          [36m/>[39m
        [36m</svg>[39m
      [36m</div>[39m
      [36m<div[39m
        [33mclass[39m=[32m"menu__item"[39m
        [33mrole[39m=[32m"menuitem"[39m
      [36m>[39m
        [36m<span>[39m
          [0mJulio[0m
        [36m</span>[39m
        [36m<svg[39m
          [33maria-hidden[39m=[32m"true"[39m
          [33mclass[39m=[32m"icon icon--tick-16"[39m
          [33mfocusable[39m=[32m"false"[39m
        [36m>[39m
          [36m<use[39m
            [33mxlink:href[39m=[32m"#icon-tick-16"[39m
          [36m/>[39m
        [36m</svg>[39m
      [36m</div>[39m
      [36m<div[39m
        [33mclass[39m=[32m"menu__item"[39m
        [33mrole[39m=[32m"menuitem"[39m
      [36m>[39m
        [36m<span>[39m
          [0mJulius[0m
        [36m</span>[39m
        [36m<svg[39m
          [33maria-hidden[39m=[32m"true"[39m
          [33mclass[39m=[32m"icon icon--tick-16"[39m
          [33mfocusable[39m=[32m"false"[39m
        [36m>[39m
          [36m<use[39m
            [33mxlink:href[39m=[32m"#icon-tick-16"[39m
          [36m/>[39m
        [36m</svg>[39m
      [36m</div>[39m
      [36m<div[39m
        [33mclass[39m=[32m"menu__item"[39m
        [33mrole[39m=[32m"menuitem"[39m
      [36m>[39m
        [36m<span>[39m
          [0mLuca[0m
        [36m</span>[39m
        [36m<svg[39m
          [33maria-hidden[39m=[32m"true"[39m
          [33mclass[39m=[32m"icon icon--tick-16"[39m
          [33mfocusable[39m=[32m"false"[39m
        [36m>[39m
          [36m<use[39m
            [33mxlink:href[39m=[32m"#icon-tick-16"[39m
          [36m/>[39m
        [36m</svg>[39m
      [36m</div>[39m
      [36m<div[39m
        [33mclass[39m=[32m"menu__item"[39m
        [33mrole[39m=[32m"menuitem"[39m
      [36m>[39m
        [36m<span>[39m
          [0mLucais[0m
        [36m</span>[39m
        [36m<svg[39m
          [33maria-hidden[39m=[32m"true"[39m
          [33mclass[39m=[32m"icon icon--tick-16"[39m
          [33mfocusable[39m=[32m"false"[39m
        [36m>[39m
          [36m<use[39m
            [33mxlink:href[39m=[32m"#icon-tick-16"[39m
          [36m/>[39m
        [36m</svg>[39m
      [36m</div>[39m
      [36m<div[39m
        [33mclass[39m=[32m"menu__item"[39m
        [33mrole[39m=[32m"menuitem"[39m
      [36m>[39m
        [36m<span>[39m
          [0mLucan[0m
        [36m</span>[39m
        [36m<svg[39m
          [33maria-hidden[39m=[32m"true"[39m
          [33mclass[39m=[32m"icon icon--tick-16"[39m
          [33mfocusable[39m=[32m"false"[39m
        [36m>[39m
          [36m<use[39m
            [33mxlink:href[39m=[32m"#icon-tick-16"[39m
          [36m/>[39m
        [36m</svg>[39m
      [36m</div>[39m
      [36m<div[39m
        [33mclass[39m=[32m"menu__item"[39m
        [33mrole[39m=[32m"menuitem"[39m
      [36m>[39m
        [36m<span>[39m
          [0mLucian[0m
        [36m</span>[39m
        [36m<svg[39m
          [33maria-hidden[39m=[32m"true"[39m
          [33mclass[39m=[32m"icon icon--tick-16"[39m
          [33mfocusable[39m=[32m"false"[39m
        [36m>[39m
          [36m<use[39m
            [33mxlink:href[39m=[32m"#icon-tick-16"[39m
          [36m/>[39m
        [36m</svg>[39m
      [36m</div>[39m
      [36m<div[39m
        [33mclass[39m=[32m"menu__item"[39m
        [33mrole[39m=[32m"menuitem"[39m
      [36m>[39m
        [36m<span>[39m
          [0mLucius[0m
        [36m</span>[39m
        [36m<svg[39m
          [33maria-hidden[39m=[32m"true"[39m
          [33mclass[39m=[32m"icon icon--tick-16"[39m
          [33mfocusable[39m=[32m"false"[39m
        [36m>[39m
          [36m<use[39m
            [33mxlink:href[39m=[32m"#icon-tick-16"[39m
          [36m/>[39m
        [36m</svg>[39m
      [36m</div>[39m
    [36m</div>[39m
  [36m</span>[39m
[36m</DocumentFragment>[39m