[36m<DocumentFragment>[39m
  [36m<div[39m
    [33mclass[39m=[32m"section-title"[39m
  [36m>[39m
    [36m<div[39m
      [33mclass[39m=[32m"section-title__title-container"[39m
    [36m>[39m
      [36m<h2[39m
        [33mclass[39m=[32m"section-title__title"[39m
        [33mid[39m=[32m"s0-title"[39m
      [36m>[39m
        [0mTodays Best Deals[0m
      [36m</h2>[39m
      [36m<span[39m
        [33mclass[39m=[32m"section-title__subtitle"[39m
      [36m>[39m
        [0mwith free shipping![0m
      [36m</span>[39m
    [36m</div>[39m
  [36m</div>[39m
[36m</DocumentFragment>[39m