<ebay-dialog on-dialog-show(() => {}) on-dialog-close(() => {})>
  Test
</ebay-dialog>