[36m<DocumentFragment>[39m
  [36m<nav[39m
    [33maria-labelledby[39m=[32m"s0-heading"[39m
    [33mclass[39m=[32m"pagination"[39m
    [33mrole[39m=[32m"navigation"[39m
    [33mvariant[39m=[32m"show-last"[39m
  [36m>[39m
    [36m<span[39m
      [33maria-live[39m=[32m"polite"[39m
      [33mrole[39m=[32m"status"[39m
    [36m>[39m
      [36m<h2[39m
        [33mclass[39m=[32m"clipped"[39m
        [33mid[39m=[32m"s0-heading"[39m
      [36m>[39m
        [0mCurrent page[0m
      [36m</h2>[39m
    [36m</span>[39m
    [36m<a[39m
      [33maria-disabled[39m=[32m"true"[39m
      [33maria-label[39m=[32m"previous"[39m
      [33mclass[39m=[32m"pagination__previous icon-link"[39m
      [33mhref[39m=[32m"#"[39m
      [33mstyle[39m=[32m"min-width:40px"[39m
      [33mtype[39m=[32m"previous"[39m
    [36m>[39m
      [36m<svg[39m
        [33maria-hidden[39m=[32m"true"[39m
        [33mclass[39m=[32m"icon icon--arrow-left-16"[39m
        [33mfocusable[39m=[32m"false"[39m
      [36m>[39m
        [36m<defs>[39m
          [36m<symbol[39m
            [33mid[39m=[32m"icon-arrow-left-16"[39m
            [33mviewBox[39m=[32m"0 0 16 16"[39m
          [36m>[39m
            [36m<path[39m
              [33md[39m=[32m"M14 7H4.41l4.3-4.29a1.004 1.004 0 0 0-1.42-1.42l-6 6a1 1 0 0 0 0 1.41l6 6a1 1 0 0 0 1.41-1.41L4.41 9H14a1 1 0 1 0 0-2Z"[39m
            [36m/>[39m
          [36m</symbol>[39m
        [36m</defs>[39m
        [36m<use[39m
          [33mhref[39m=[32m"#icon-arrow-left-16"[39m
        [36m/>[39m
      [36m</svg>[39m
    [36m</a>[39m
    [36m<ol[39m
      [33mclass[39m=[32m"pagination__items"[39m
    [36m>[39m
      [36m<li>[39m
        [36m<a[39m
          [33maria-current[39m=[32m"page"[39m
          [33mclass[39m=[32m"pagination__item"[39m
          [33mhref[39m=[32m"#"[39m
        [36m>[39m
          [0m1[0m
        [36m</a>[39m
      [36m</li>[39m
      [36m<li>[39m
        [36m<a[39m
          [33mclass[39m=[32m"pagination__item"[39m
          [33mhref[39m=[32m"#"[39m
        [36m>[39m
          [0m2[0m
        [36m</a>[39m
      [36m</li>[39m
      [36m<li>[39m
        [36m<a[39m
          [33mclass[39m=[32m"pagination__item"[39m
          [33mhref[39m=[32m"#"[39m
        [36m>[39m
          [0m3[0m
        [36m</a>[39m
      [36m</li>[39m
      [36m<li>[39m
        [36m<a[39m
          [33mclass[39m=[32m"pagination__item"[39m
          [33mhref[39m=[32m"#"[39m
        [36m>[39m
          [0m4[0m
        [36m</a>[39m
      [36m</li>[39m
      [36m<li>[39m
        [36m<a[39m
          [33mclass[39m=[32m"pagination__item"[39m
          [33mhref[39m=[32m"#"[39m
        [36m>[39m
          [0m5[0m
        [36m</a>[39m
      [36m</li>[39m
      [36m<li>[39m
        [36m<a[39m
          [33mclass[39m=[32m"pagination__item"[39m
          [33mhref[39m=[32m"#"[39m
        [36m>[39m
          [0m6[0m
        [36m</a>[39m
      [36m</li>[39m
      [36m<li>[39m
        [36m<a[39m
          [33mclass[39m=[32m"pagination__item"[39m
          [33mhref[39m=[32m"#"[39m
        [36m>[39m
          [0m7[0m
        [36m</a>[39m
      [36m</li>[39m
      [36m<li>[39m
        [36m<a[39m
          [33mclass[39m=[32m"pagination__item"[39m
          [33mhref[39m=[32m"#"[39m
        [36m>[39m
          [0m8[0m
        [36m</a>[39m
      [36m</li>[39m
      [36m<li[39m
        [33mhidden[39m=[32m""[39m
      [36m>[39m
        [36m<span[39m
          [33mclass[39m=[32m"pagination__item"[39m
          [33mrole[39m=[32m"separator"[39m
        [36m>[39m
          [36m<svg[39m
            [33maria-hidden[39m=[32m"true"[39m
            [33mclass[39m=[32m"icon icon--overflow-horizontal-24"[39m
            [33mfocusable[39m=[32m"false"[39m
          [36m>[39m
            [36m<defs>[39m
              [36m<symbol[39m
                [33mid[39m=[32m"icon-overflow-horizontal-24"[39m
                [33mviewBox[39m=[32m"0 0 24 24"[39m
              [36m>[39m
                [36m<path[39m
                  [33md[39m=[32m"M17 12a2 2 0 1 0 3.999.001A2 2 0 0 0 17 12Zm-7 0a2 2 0 1 0 3.999.001A2 2 0 0 0 10 12Zm-5 2a2 2 0 1 1-.001-3.999A2 2 0 0 1 5 14Z"[39m
                [36m/>[39m
              [36m</symbol>[39m
            [36m</defs>[39m
            [36m<use[39m
              [33mhref[39m=[32m"#icon-overflow-horizontal-24"[39m
            [36m/>[39m
          [36m</svg>[39m
        [36m</span>[39m
      [36m</li>[39m
      [36m<li>[39m
        [36m<a[39m
          [33mclass[39m=[32m"pagination__item"[39m
          [33mhref[39m=[32m"#"[39m
        [36m>[39m
          [0m9[0m
        [36m</a>[39m
      [36m</li>[39m
    [36m</ol>[39m
    [36m<a[39m
      [33maria-disabled[39m=[32m"true"[39m
      [33maria-label[39m=[32m"next"[39m
      [33mclass[39m=[32m"pagination__next icon-link"[39m
      [33mhref[39m=[32m"#"[39m
      [33mstyle[39m=[32m"min-width:40px"[39m
      [33mtype[39m=[32m"next"[39m
    [36m>[39m
      [36m<svg[39m
        [33maria-hidden[39m=[32m"true"[39m
        [33mclass[39m=[32m"icon icon--arrow-right-16"[39m
        [33mfocusable[39m=[32m"false"[39m
      [36m>[39m
        [36m<defs>[39m
          [36m<symbol[39m
            [33mid[39m=[32m"icon-arrow-right-16"[39m
            [33mviewBox[39m=[32m"0 0 16 16"[39m
          [36m>[39m
            [36m<path[39m
              [33md[39m=[32m"M14.92 8.38a1 1 0 0 0-.22-1.09l-6-6a1 1 0 1 0-1.41 1.42L11.59 7H2a1 1 0 1 0 0 2h9.59l-4.3 4.29A1 1 0 1 0 8.7 14.7l6-6a1 1 0 0 0 .22-.32Z"[39m
            [36m/>[39m
          [36m</symbol>[39m
        [36m</defs>[39m
        [36m<use[39m
          [33mhref[39m=[32m"#icon-arrow-right-16"[39m
        [36m/>[39m
      [36m</svg>[39m
    [36m</a>[39m
  [36m</nav>[39m
[36m</DocumentFragment>[39m