[36m<DocumentFragment>[39m
  [36m<svg[39m
    [33maria-hidden[39m=[32m"true"[39m
    [33mclass[39m=[32m"image-placeholder image-placeholder-"[39m
    [33mdata-marko-key[39m=[32m"@svg s0-0-0"[39m
    [33mfocusable[39m=[32m"false"[39m
    [33mstyle[39m=[32m"height: 100px; width: 100px; border: 1px solid black"[39m
  [36m>[39m
    [36m<defs[39m
      [33mdata-marko-key[39m=[32m"@defs s0-0-0"[39m
    [36m>[39m
      [36m<symbol[39m
        [33mid[39m=[32m"image-placeholder"[39m
        [33mviewBox[39m=[32m"0 0 300 300"[39m
      [36m>[39m
        [36m<path[39m
          [33md[39m=[32m"M175.241 121.603a9.465 9.465 0 0 1-9.465 9.465 9.466 9.466 0 1 1 9.465-9.465Z"[39m
        [36m/>[39m
        [36m<path[39m
          [33mclip-rule[39m=[32m"evenodd"[39m
          [33md[39m=[32m"M211 192.068c0 10.456-8.476 18.931-18.931 18.931h-84.138c-10.456 0-18.931-8.475-18.931-18.931V107.93C89 97.475 97.475 89 107.93 89h84.138C202.524 89 211 97.474 211 107.93v84.138ZM107.931 99.516h84.138a8.413 8.413 0 0 1 8.414 8.414v66.184l-21.523-21.523a5.26 5.26 0 0 0-7.437 0l-14.777 14.777-21.571-26.964a5.255 5.255 0 0 0-8.106-.129L99.517 172.55v-64.62a8.414 8.414 0 0 1 8.414-8.414Zm-8.414 89.233 31.42-36.807 21.267 26.584a5.258 5.258 0 0 0 7.825.433l15.212-15.213 25.242 25.242v3.08a8.414 8.414 0 0 1-8.414 8.414h-84.138a8.414 8.414 0 0 1-8.414-8.414v-3.319Z"[39m
          [33mfill-rule[39m=[32m"evenodd"[39m
        [36m/>[39m
      [36m</symbol>[39m
    [36m</defs>[39m
    [36m<use[39m
      [33mhref[39m=[32m"#image-placeholder"[39m
    [36m/>[39m
  [36m</svg>[39m
[36m</DocumentFragment>[39m