<ebay-dialog-base>
  <@header>
    <h3 class="test">
      Text
    </h3>
  </@header>
</ebay-dialog-base>