<ebay-notice type="section">
  <@content>
    <p>
      Test
    </p>
  </@content>
</ebay-notice>