<ebay-notice type="section">
  Test
</ebay-notice>