[36m<DocumentFragment>[39m
  [36m<div[39m
    [33mclass[39m=[32m"tabs"[39m
  [36m>[39m
    [36m<div[39m
      [33mclass[39m=[32m"tabs__items"[39m
      [33mrole[39m=[32m"tablist"[39m
    [36m>[39m
      [36m<div[39m
        [33maria-controls[39m=[32m"s0-tabpanel-0"[39m
        [33maria-selected[39m=[32m"true"[39m
        [33mclass[39m=[32m"tabs__item"[39m
        [33mid[39m=[32m"s0-tabs-0"[39m
        [33mrole[39m=[32m"tab"[39m
      [36m>[39m
        [36m<span>[39m
          [0mHeading 0[0m
        [36m</span>[39m
      [36m</div>[39m
      [36m<div[39m
        [33maria-controls[39m=[32m"s0-tabpanel-1"[39m
        [33mclass[39m=[32m"tabs__item"[39m
        [33mid[39m=[32m"s0-tabs-1"[39m
        [33mrole[39m=[32m"tab"[39m
      [36m>[39m
        [36m<span>[39m
          [0mHeading 1[0m
        [36m</span>[39m
      [36m</div>[39m
      [36m<div[39m
        [33maria-controls[39m=[32m"s0-tabpanel-2"[39m
        [33mclass[39m=[32m"tabs__item"[39m
        [33mid[39m=[32m"s0-tabs-2"[39m
        [33mrole[39m=[32m"tab"[39m
      [36m>[39m
        [36m<span>[39m
          [0mHeading 2[0m
        [36m</span>[39m
      [36m</div>[39m
    [36m</div>[39m
    [36m<div[39m
      [33mclass[39m=[32m"tabs__content"[39m
    [36m>[39m
      [36m<div[39m
        [33maria-labelledby[39m=[32m"s0-tabs-0"[39m
        [33mclass[39m=[32m"tabs__panel"[39m
        [33mid[39m=[32m"s0-tabpanel-0"[39m
        [33mrole[39m=[32m"tabpanel"[39m
      [36m>[39m
        [36m<div[39m
          [33mclass[39m=[32m"tabs__cell"[39m
        [36m>[39m
          [36m<div>[39m
            [0mPanel 0[0m
          [36m</div>[39m
        [36m</div>[39m
      [36m</div>[39m
      [36m<div[39m
        [33maria-labelledby[39m=[32m"s0-tabs-1"[39m
        [33mclass[39m=[32m"tabs__panel"[39m
        [33mhidden[39m=[32m""[39m
        [33mid[39m=[32m"s0-tabpanel-1"[39m
        [33mrole[39m=[32m"tabpanel"[39m
      [36m>[39m
        [36m<div[39m
          [33mclass[39m=[32m"tabs__cell"[39m
        [36m>[39m
          [36m<div>[39m
            [0mPanel 1[0m
          [36m</div>[39m
        [36m</div>[39m
      [36m</div>[39m
      [36m<div[39m
        [33maria-labelledby[39m=[32m"s0-tabs-2"[39m
        [33mclass[39m=[32m"tabs__panel"[39m
        [33mhidden[39m=[32m""[39m
        [33mid[39m=[32m"s0-tabpanel-2"[39m
        [33mrole[39m=[32m"tabpanel"[39m
      [36m>[39m
        [36m<div[39m
          [33mclass[39m=[32m"tabs__cell"[39m
        [36m>[39m
          [36m<div>[39m
            [0mPanel 2[0m
          [36m</div>[39m
        [36m</div>[39m
      [36m</div>[39m
    [36m</div>[39m
  [36m</div>[39m
[36m</DocumentFragment>[39m