[36m<DocumentFragment>[39m
  [36m<button[39m
    [33mclass[39m=[32m"btn btn--form"[39m
    [33mdata-ebayui[39m=[32m""[39m
    [33mdata-marko[39m=[32m"{\"onclick\":\"handleClick s0-0 false\",\"onkeydown\":\"handleKeydown s0-0 false\",\"onfocus\":\"handleFocus s0-0 false\",\"onblur\":\"handleBlur s0-0 false\"}"[39m
    [33mtype[39m=[32m"button"[39m
  [36m>[39m
    [36m<span[39m
      [33mclass[39m=[32m"btn__cell"[39m
    [36m>[39m
      [36m<span[39m
        [33mclass[39m=[32m"btn__text"[39m
      [36m>[39m
        [0mButton[0m
      [36m</span>[39m
      [36m<svg[39m
        [33maria-hidden[39m=[32m"true"[39m
        [33mclass[39m=[32m"icon icon--chevron-down-24"[39m
        [33mfocusable[39m=[32m"false"[39m
      [36m>[39m
        [36m<defs[39m
          [33mdata-marko-key[39m=[32m"@defs s0-0-6-0"[39m
        [36m>[39m
          [36m<symbol[39m
            [33mid[39m=[32m"icon-chevron-down-24"[39m
            [33mviewBox[39m=[32m"0 0 24 24"[39m
          [36m>[39m
            [36m<path[39m
              [33md[39m=[32m"M12.376 17.927a.997.997 0 0 0 .331-.22l8-8a1 1 0 0 0-1.414-1.414L12 15.586 4.707 8.293a1 1 0 0 0-1.414 1.414l8 8a1 1 0 0 0 1.083.22Z"[39m
            [36m/>[39m
          [36m</symbol>[39m
        [36m</defs>[39m
        [36m<use[39m
          [33mxlink:href[39m=[32m"#icon-chevron-down-24"[39m
        [36m/>[39m
      [36m</svg>[39m
    [36m</span>[39m
  [36m</button>[39m
[36m</DocumentFragment>[39m