[36m<DocumentFragment>[39m
  [36m<div[39m
    [33maria-labelledby[39m=[32m"s0-stepper-heading"[39m
    [33mclass[39m=[32m"progress-stepper"[39m
  [36m>[39m
    [36m<h2[39m
      [33mclass[39m=[32m"clipped"[39m
      [33mid[39m=[32m"s0-stepper-heading"[39m
    [36m>[39m
      [0mShipment progress[0m
    [36m</h2>[39m
    [36m<div[39m
      [33mclass[39m=[32m"progress-stepper__items"[39m
      [33mrole[39m=[32m"list"[39m
    [36m>[39m
      [36m<div[39m
        [33mclass[39m=[32m"progress-stepper__item"[39m
        [33mrole[39m=[32m"listitem"[39m
      [36m>[39m
        [36m<span[39m
          [33mclass[39m=[32m"progress-stepper__icon"[39m
        [36m>[39m
          [36m<svg[39m
            [33maria-labelledby[39m=[32m"s0-6[0]-0-text"[39m
            [33mclass[39m=[32m"icon icon--stepper-confirmation"[39m
            [33mfocusable[39m=[32m"false"[39m
            [33mheight[39m=[32m"24"[39m
            [33mrole[39m=[32m"img"[39m
            [33mwidth[39m=[32m"24"[39m
          [36m>[39m
            [36m<defs[39m
              [33mdata-marko-key[39m=[32m"@defs s0-6[0]-0"[39m
            [36m>[39m
              [36m<symbol[39m
                [33mid[39m=[32m"icon-stepper-confirmation"[39m
                [33mviewBox[39m=[32m"0 0 24 24"[39m
              [36m>[39m
                [36m<path[39m
                  [33md[39m=[32m"M0 12C0 5.373 5.373 0 12 0c3.183 0 6.235 1.264 8.485 3.515A11.996 11.996 0 0124 12c0 6.627-5.373 12-12 12S0 18.627 0 12zm10.71 4.71l8-8h-.01a1 1 0 00-1.41-1.41L10 14.59 6.71 11.3a1 1 0 00-1.41 1.41l4 4a1 1 0 001.41 0z"[39m
                  [33mfill[39m=[32m"var(--progress-stepper-confirmation-icon, var(--color-background-information))"[39m
                [36m/>[39m
              [36m</symbol>[39m
            [36m</defs>[39m
            [36m<title[39m
              [33mid[39m=[32m"s0-6[0]-0-text"[39m
            [36m>[39m
              [0mcomplete[0m
            [36m</title>[39m
            [36m<use[39m
              [33mxlink:href[39m=[32m"#icon-stepper-confirmation"[39m
            [36m/>[39m
          [36m</svg>[39m
        [36m</span>[39m
        [36m<span[39m
          [33mclass[39m=[32m"progress-stepper__text"[39m
        [36m>[39m
          [36m<h4>[39m
            [0mStarted[0m
          [36m</h4>[39m
          [36m<p>[39m
            [0mJuly 3rd[0m
          [36m</p>[39m
        [36m</span>[39m
      [36m</div>[39m
      [36m<hr[39m
        [33mclass[39m=[32m"progress-stepper__separator"[39m
        [33mrole[39m=[32m"presentation"[39m
      [36m/>[39m
      [36m<div[39m
        [33mclass[39m=[32m"progress-stepper__item"[39m
        [33mrole[39m=[32m"listitem"[39m
      [36m>[39m
        [36m<span[39m
          [33mclass[39m=[32m"progress-stepper__icon"[39m
        [36m>[39m
          [36m<svg[39m
            [33maria-labelledby[39m=[32m"s0-6[1]-0-text"[39m
            [33mclass[39m=[32m"icon icon--stepper-confirmation"[39m
            [33mfocusable[39m=[32m"false"[39m
            [33mheight[39m=[32m"24"[39m
            [33mrole[39m=[32m"img"[39m
            [33mwidth[39m=[32m"24"[39m
          [36m>[39m
            [36m<title[39m
              [33mid[39m=[32m"s0-6[1]-0-text"[39m
            [36m>[39m
              [0mcomplete[0m
            [36m</title>[39m
            [36m<use[39m
              [33mxlink:href[39m=[32m"#icon-stepper-confirmation"[39m
            [36m/>[39m
          [36m</svg>[39m
        [36m</span>[39m
        [36m<span[39m
          [33mclass[39m=[32m"progress-stepper__text"[39m
        [36m>[39m
          [36m<h4>[39m
            [0mShipped[0m
          [36m</h4>[39m
          [36m<p>[39m
            [0mJuly 4th[0m
          [36m</p>[39m
        [36m</span>[39m
      [36m</div>[39m
      [36m<hr[39m
        [33mclass[39m=[32m"progress-stepper__separator"[39m
        [33mrole[39m=[32m"presentation"[39m
      [36m/>[39m
      [36m<div[39m
        [33mclass[39m=[32m"progress-stepper__item"[39m
        [33mrole[39m=[32m"listitem"[39m
      [36m>[39m
        [36m<span[39m
          [33mclass[39m=[32m"progress-stepper__icon"[39m
        [36m>[39m
          [36m<svg[39m
            [33maria-labelledby[39m=[32m"s0-6[2]-0-text"[39m
            [33mclass[39m=[32m"icon icon--stepper-confirmation"[39m
            [33mfocusable[39m=[32m"false"[39m
            [33mheight[39m=[32m"24"[39m
            [33mrole[39m=[32m"img"[39m
            [33mwidth[39m=[32m"24"[39m
          [36m>[39m
            [36m<title[39m
              [33mid[39m=[32m"s0-6[2]-0-text"[39m
            [36m>[39m
              [0mcomplete[0m
            [36m</title>[39m
            [36m<use[39m
              [33mxlink:href[39m=[32m"#icon-stepper-confirmation"[39m
            [36m/>[39m
          [36m</svg>[39m
        [36m</span>[39m
        [36m<span[39m
          [33mclass[39m=[32m"progress-stepper__text"[39m
        [36m>[39m
          [36m<h4>[39m
            [0mTransit[0m
          [36m</h4>[39m
          [36m<p>[39m
            [0mJuly 5th[0m
          [36m</p>[39m
        [36m</span>[39m
      [36m</div>[39m
      [36m<hr[39m
        [33mclass[39m=[32m"progress-stepper__separator"[39m
        [33mrole[39m=[32m"presentation"[39m
      [36m/>[39m
      [36m<div[39m
        [33mclass[39m=[32m"progress-stepper__item"[39m
        [33mrole[39m=[32m"listitem"[39m
      [36m>[39m
        [36m<span[39m
          [33mclass[39m=[32m"progress-stepper__icon"[39m
        [36m>[39m
          [36m<svg[39m
            [33maria-labelledby[39m=[32m"s0-6[3]-0-text"[39m
            [33mclass[39m=[32m"icon icon--stepper-confirmation"[39m
            [33mfocusable[39m=[32m"false"[39m
            [33mheight[39m=[32m"24"[39m
            [33mrole[39m=[32m"img"[39m
            [33mwidth[39m=[32m"24"[39m
          [36m>[39m
            [36m<title[39m
              [33mid[39m=[32m"s0-6[3]-0-text"[39m
            [36m>[39m
              [0mcomplete[0m
            [36m</title>[39m
            [36m<use[39m
              [33mxlink:href[39m=[32m"#icon-stepper-confirmation"[39m
            [36m/>[39m
          [36m</svg>[39m
        [36m</span>[39m
        [36m<span[39m
          [33mclass[39m=[32m"progress-stepper__text"[39m
        [36m>[39m
          [36m<h4>[39m
            [0mDelivered[0m
          [36m</h4>[39m
          [36m<p>[39m
            [0mJuly 6th[0m
          [36m</p>[39m
        [36m</span>[39m
      [36m</div>[39m
    [36m</div>[39m
  [36m</div>[39m
[36m</DocumentFragment>[39m