[36m<DocumentFragment>[39m
  [36m<span[39m
    [33mclass[39m=[32m"field"[39m
  [36m>[39m
    [36m<label[39m
      [33mclass[39m=[32m"field__label field__label--start field__label--disabled"[39m
      [33mfor[39m=[32m"textbox"[39m
    [36m>[39m
      [0mEmail address[0m
    [36m</label>[39m
    [36m<span[39m
      [33mclass[39m=[32m"textbox"[39m
    [36m>[39m
      [36m<input[39m
        [33mclass[39m=[32m"textbox__control"[39m
        [33mdisabled[39m=[32m""[39m
        [33mid[39m=[32m"textbox"[39m
        [33mtype[39m=[32m"text"[39m
        [33mvalue[39m=[32m"test"[39m
      [36m/>[39m
    [36m</span>[39m
  [36m</span>[39m
[36m</DocumentFragment>[39m