[36m<DocumentFragment>[39m
  [36m<div[39m
    [33mclass[39m=[32m"textbox"[39m
  [36m>[39m
    [36m<input[39m
      [33mclass[39m=[32m"textbox__control textbox__control--fluid"[39m
      [33mdata-marko[39m=[32m"{\"onkeydown\":\"handleKeydown s0 false\",\"onkeypress\":\"handleKeypress s0 false\",\"onkeyup\":\"handleKeyup s0 false\",\"onchange\":\"handleChange s0 false\",\"oninput\":\"handleInput s0 false\",\"onfocus\":\"handleFocus s0 false\",\"onblur\":\"handleBlur s0 false\",\"oninvalid\":\"handleInvalid s0 false\"}"[39m
      [33mdata-marko-key[39m=[32m"@input s0"[39m
      [33mid[39m=[32m"s0-textbox"[39m
      [33mtype[39m=[32m"text"[39m
    [36m/>[39m
  [36m</div>[39m
[36m</DocumentFragment>[39m