[36m<DocumentFragment>[39m
  [36m<span[39m
    [33mclass[39m=[32m"textbox textbox--icon-end"[39m
  [36m>[39m
    [36m<input[39m
      [33mclass[39m=[32m"textbox__control"[39m
      [33mdata-marko[39m=[32m"{\"onkeydown\":\"handleKeydown s0-0 false\",\"onkeypress\":\"handleKeypress s0-0 false\",\"onkeyup\":\"handleKeyup s0-0 false\",\"onchange\":\"handleChange s0-0 false\",\"oninput\":\"handleInput s0-0 false\",\"onfocus\":\"handleFocus s0-0 false\",\"onblur\":\"handleBlur s0-0 false\",\"oninvalid\":\"handleInvalid s0-0 false\"}"[39m
      [33mdata-marko-key[39m=[32m"@input s0-0"[39m
      [33mid[39m=[32m"s0-0-textbox"[39m
      [33mplaceholder[39m=[32m"name"[39m
      [33mtype[39m=[32m"text"[39m
    [36m/>[39m
    [36m<svg[39m
      [33maria-hidden[39m=[32m"true"[39m
      [33mclass[39m=[32m"icon icon--user-profile"[39m
      [33mfocusable[39m=[32m"false"[39m
    [36m>[39m
      [36m<defs[39m
        [33mdata-marko-key[39m=[32m"@defs s0-0-5-1-0"[39m
      [36m>[39m
        [36m<symbol[39m
          [33mid[39m=[32m"icon-user-profile"[39m
          [33mviewBox[39m=[32m"0 0 22 22"[39m
        [36m>[39m
          [36m<path[39m
            [33md[39m=[32m"M11 19.925a8.925 8.925 0 100-17.85 8.925 8.925 0 000 17.85zm0 1.575C5.201 21.5.5 16.799.5 11S5.201.5 11 .5 21.5 5.201 21.5 11 16.799 21.5 11 21.5zm6.052-3.829a2.21 2.21 0 00-1.317-2.025l-2.439-1.023a1.816 1.816 0 01-1.116-1.727 1.81 1.81 0 01.708-1.406c.961-.735 1.365-1.94 1.055-3.146-.326-1.264-1.48-2.147-2.807-2.147-.81 0-1.57.317-2.141.893a2.934 2.934 0 00.306 4.4c.437.335.695.848.708 1.406a1.816 1.816 0 01-1.116 1.727l-2.439 1.023a2.2 2.2 0 00-1.313 1.892.744.744 0 11-1.484-.09 3.688 3.688 0 012.21-3.177l2.453-1.03a.327.327 0 00.202-.311.322.322 0 00-.122-.248 4.423 4.423 0 01-1.744-3.529 4.394 4.394 0 011.286-3.12A4.467 4.467 0 0111.135 4.7a4.373 4.373 0 014.247 3.269c.457 1.773-.169 3.622-1.593 4.713a.322.322 0 00-.122.248.327.327 0 00.202.312l2.453 1.029a3.706 3.706 0 012.217 3.4h-1.487z"[39m
            [33mstroke[39m=[32m"#000"[39m
            [33mstroke-width[39m=[32m".2"[39m
          [36m/>[39m
        [36m</symbol>[39m
      [36m</defs>[39m
      [36m<use[39m
        [33mxlink:href[39m=[32m"#icon-user-profile"[39m
      [36m/>[39m
    [36m</svg>[39m
  [36m</span>[39m
[36m</DocumentFragment>[39m