[36m<DocumentFragment>[39m
  [36m<span[39m
    [33mclass[39m=[32m"phone-input"[39m
  [36m>[39m
    [36m<span[39m
      [33mclass[39m=[32m"listbox-button"[39m
    [36m>[39m
      [36m<button[39m
        [33maria-haspopup[39m=[32m"listbox"[39m
        [33maria-label[39m=[32m"Country: Ã‰tats-Unis"[39m
        [33mclass[39m=[32m"listbox-button__control btn btn--split-start btn--form"[39m
        [33mtype[39m=[32m"button"[39m
        [33mvalue[39m=[32m"Ã‰tats-Unis"[39m
      [36m>[39m
        [36m<span[39m
          [33mclass[39m=[32m"btn__cell"[39m
        [36m>[39m
          [36m<span[39m
            [33mclass[39m=[32m"btn__text"[39m
          [36m>[39m
            [36m<svg[39m
              [33maria-hidden[39m=[32m"true"[39m
              [33mclass[39m=[32m"flag flag--us"[39m
              [33mfocusable[39m=[32m"false"[39m
            [36m>[39m
              [36m<defs>[39m
                [36m<symbol[39m
                  [33mfill[39m=[32m"none"[39m
                  [33mid[39m=[32m"flag-us"[39m
                  [33mviewBox[39m=[32m"0 0 64 48"[39m
                [36m>[39m
                  [36m<g[39m
                    [33mclip-path[39m=[32m"url(#clip0_704_43462)"[39m
                  [36m>[39m
                    [36m<path[39m
                      [33mclip-rule[39m=[32m"evenodd"[39m
                      [33md[39m=[32m"M0 0H91.2V3.7H0V0ZM0 7.39H91.2V11.09H0V7.39ZM0 14.77H91.2V18.47H0V14.77ZM0 22.15H91.2V25.85H0V22.15ZM0 29.55H91.2V33.23H0V29.55ZM0 36.92H91.2V40.62H0V36.92ZM0 44.3H91.2V48H0V44.3Z"[39m
                      [33mfill[39m=[32m"#BD3D44"[39m
                      [33mfill-rule[39m=[32m"evenodd"[39m
                    [36m/>[39m
                    [36m<path[39m
                      [33mclip-rule[39m=[32m"evenodd"[39m
                      [33md[39m=[32m"M0 3.69995H91.2V7.38995H0V3.69995ZM0 11.08H91.2V14.77H0V11.08ZM0 18.46H91.2V22.16H0V18.46ZM0 25.85H91.2V29.55H0V25.85ZM0 33.2299H91.2V36.93H0V33.2299ZM0 40.61H91.2V44.31H0V40.61Z"[39m
                      [33mfill[39m=[32m"white"[39m
                      [33mfill-rule[39m=[32m"evenodd"[39m
                    [36m/>[39m
                    [36m<path[39m
                      [33mclip-rule[39m=[32m"evenodd"[39m
                      [33md[39m=[32m"M0 0H36.48V25.85H0V0Z"[39m
                      [33mfill[39m=[32m"#192F5D"[39m
                      [33mfill-rule[39m=[32m"evenodd"[39m
                    [36m/>[39m
                    [36m<path[39m
                      [33mclip-rule[39m=[32m"evenodd"[39m
                      [33md[39m=[32m"M3.03988 1.1001L3.37988 2.1301H4.43988L3.57988 2.7601L3.90988 3.7901L3.03988 3.1501L2.17988 3.7801L2.49988 2.7601L1.62988 2.1301H2.71988L3.03988 1.1001ZM9.11988 1.1001L9.44988 2.1301H10.5299L9.65988 2.7601L9.97988 3.7901L9.11988 3.1501L8.24988 3.7801L8.57988 2.7601L7.71988 2.1301H8.77988L9.11988 1.1001ZM15.1999 1.1001L15.5299 2.1301H16.5999L15.7399 2.7601L16.0699 3.7901L15.1999 3.1501L14.3299 3.7801L14.6599 2.7601L13.7899 2.1301H14.8699L15.1999 1.1001ZM21.2799 1.1001L21.6099 2.1301H22.6899L21.8199 2.7601L22.1499 3.7901L21.2799 3.1501L20.4099 3.7801L20.7499 2.7601L19.8699 2.1301H20.9399L21.2799 1.1001ZM27.3599 1.1001L27.6899 2.1301H28.7599L27.8999 2.7601L28.2299 3.7901L27.3599 3.1501L26.4899 3.7801L26.8199 2.7601L25.9599 2.1301H27.0299L27.3599 1.1001ZM33.4399 1.1001L33.7699 2.1301H34.8499L33.9699 2.7601L34.3099 3.7901L33.4399 3.1501L32.5699 3.7801L32.9099 2.7601L32.0299 2.1301H33.1099L33.4399 1.1001ZM6.07988 3.7001L6.40988 4.7201H7.49988L6.62988 5.3401L6.94988 6.3701L6.09988 5.7401L5.22988 6.3701L5.53988 5.3401L4.69988 4.7201H5.76988L6.07988 3.7001ZM12.1599 3.7001L12.4999 4.7201H13.5699L12.6899 5.3401L13.0299 6.3701L12.1599 5.7401L11.2899 6.3701L11.6199 5.3401L10.7499 4.7201H11.8299L12.1599 3.7001ZM18.2399 3.7001L18.5699 4.7201H19.6499L18.7799 5.3401L19.1099 6.3701L18.2399 5.7401L17.3699 6.3701L17.6999 5.3401L16.8399 4.7201H17.8999L18.2399 3.7001ZM24.3199 3.7001L24.6599 4.7201H25.7299L24.8499 5.3401L25.1899 6.3701L24.3199 5.7401L23.4599 6.3701L23.7799 5.3401L22.9099 4.7201H23.9999L24.3199 3.7001ZM30.3999 3.7001L30.7299 4.7201H31.8099L30.9399 5.3401L31.2699 6.3701L30.3999 5.7401L29.5299 6.3701L29.8599 5.3401L28.9999 4.7201H30.0699L30.3999 3.7001ZM3.03988 6.2601L3.37988 7.3001H4.43988L3.57988 7.9301L3.90988 8.9501L3.03988 8.3201L2.17988 8.9501L2.49988 7.9301L1.62988 7.3001H2.71988L3.03988 6.2601ZM9.11988 6.2601L9.44988 7.3001H10.5299L9.65988 7.9301L9.97988 8.9501L9.11988 8.3201L8.24988 8.9501L8.57988 7.9201L7.71988 7.2901H8.77988L9.11988 6.2601ZM15.1999 6.2601L15.5299 7.2901H16.5999L15.7399 7.9201L16.0699 8.9401L15.1999 8.3101L14.3299 8.9401L14.6599 7.9101L13.7899 7.2801H14.8699L15.1999 6.2601ZM21.2799 6.2601L21.6099 7.2901H22.6899L21.8199 7.9201L22.1499 8.9401L21.2799 8.3101L20.4099 8.9401L20.7499 7.9101L19.8699 7.2801H20.9399L21.2799 6.2601ZM27.3599 6.2601L27.6899 7.2901H28.7599L27.8999 7.9201L28.2299 8.9401L27.3599 8.3101L26.4899 8.9401L26.8199 7.9101L25.9599 7.2801H27.0299L27.3599 6.2601ZM33.4399 6.2601L33.7699 7.2901H34.8499L33.9699 7.9201L34.3099 8.9401L33.4399 8.3101L32.5699 8.9401L32.9099 7.9101L32.0299 7.2801H33.1099L33.4399 6.2601ZM6.07988 8.8601L6.40988 9.8801H7.49988L6.62988 10.5101L6.95988 11.5401L6.08988 10.9001L5.21988 11.5301L5.54988 10.5101L4.68988 9.8801H5.75988L6.07988 8.8601ZM12.1599 8.8601L12.4999 9.8801H13.5699L12.6899 10.5101L13.0299 11.5401L12.1599 10.9001L11.2899 11.5301L11.6199 10.5101L10.7499 9.8801H11.8299L12.1599 8.8601ZM18.2399 8.8601L18.5699 9.8801H19.6499L18.7799 10.5101L19.1099 11.5401L18.2399 10.9001L17.3699 11.5301L17.6999 10.5101L16.8399 9.8801H17.8999L18.2399 8.8601ZM24.3199 8.8601L24.6599 9.8801H25.7299L24.8599 10.5101L25.1899 11.5401L24.3199 10.9001L23.4599 11.5301L23.7799 10.5101L22.9099 9.8801H23.9999L24.3199 8.8601ZM30.3999 8.8601L30.7299 9.8801H31.8099L30.9399 10.5101L31.2699 11.5401L30.3999 10.9001L29.5299 11.5301L29.8599 10.5101L28.9999 9.8801H30.0699L30.3999 8.8601ZM3.03988 11.4501L3.37988 12.4701H4.43988L3.57988 13.1001L3.90988 14.1301L3.03988 13.4901L2.17988 14.1201L2.49988 13.1001L1.62988 12.4701H2.71988L3.03988 11.4501ZM9.11988 11.4501L9.44988 12.4701H10.5299L9.65988 13.1001L9.97988 14.1201L9.11988 13.4901L8.24988 14.1201L8.57988 13.1001L7.71988 12.4701H8.77988L9.11988 11.4501ZM15.1999 11.4501L15.5299 12.4701H16.5999L15.7399 13.1001L16.0699 14.1301L15.1999 13.4901L14.3299 14.1201L14.6599 13.1001L13.7899 12.4701H14.8699L15.1999 11.4501ZM21.2799 11.4501L21.6099 12.4701H22.6899L21.8199 13.1001L22.1499 14.1301L21.2799 13.4901L20.4099 14.1201L20.7499 13.1001L19.8699 12.4701H20.9399L21.2799 11.4501ZM27.3599 11.4501L27.6899 12.4701H28.7599L27.8999 13.1001L28.2299 14.1301L27.3599 13.4901L26.4899 14.1201L26.8199 13.1001L25.9599 12.4701H27.0299L27.3599 11.4501ZM33.4399 11.4501L33.7699 12.4701H34.8499L33.9699 13.1001L34.3099 14.1301L33.4399 13.4901L32.5699 14.1201L32...