[36m<DocumentFragment>[39m
  [36m<span>[39m
    [36m<span>[39m
      [36m<span[39m
        [33mclass[39m=[32m"tooltip"[39m
      [36m>[39m
        [36m<button[39m
          [33maccesskey[39m=[32m"i"[39m
          [33maria-label[39m=[32m"Developer-handled label"[39m
          [33mclass[39m=[32m"icon-btn tooltip__host"[39m
          [33mname[39m=[32m"icon-btn-1"[39m
          [33mtype[39m=[32m"button"[39m
        [36m>[39m
          [36m<svg[39m
            [33maria-hidden[39m=[32m"true"[39m
            [33mclass[39m=[32m"icon icon--cart"[39m
            [33mfocusable[39m=[32m"false"[39m
          [36m>[39m
            [36m<defs[39m
              [33mdata-marko-key[39m=[32m"@defs s0-0-@base-0-3-2-0"[39m
            [36m>[39m
              [36m<symbol[39m
                [33mid[39m=[32m"icon-cart"[39m
                [33mviewBox[39m=[32m"0 0 24 24"[39m
              [36m>[39m
                [36m<path[39m
                  [33mclip-rule[39m=[32m"evenodd"[39m
                  [33md[39m=[32m"M0 3a1 1 0 0 1 1-1h3a.997.997 0 0 1 .98.798L5.719 6h15.28a1.001 1.001 0 0 1 .973 1.237l-1.992 8.961a1 1 0 0 1-1.009.802H7.03a1.001 1.001 0 0 1-1.007-.791L3.204 4H1a1 1 0 0 1-1-1Zm18.198 12 1.555-7H6.18l1.615 7h10.403Z"[39m
                  [33mfill-rule[39m=[32m"evenodd"[39m
                [36m/>[39m
                [36m<path[39m
                  [33md[39m=[32m"M8 23a2 2 0 1 0 0-4 2 2 0 0 0 0 4Zm12-2a2 2 0 1 1-4 0 2 2 0 0 1 4 0Z"[39m
                [36m/>[39m
              [36m</symbol>[39m
            [36m</defs>[39m
            [36m<use[39m
              [33mxlink:href[39m=[32m"#icon-cart"[39m
            [36m/>[39m
          [36m</svg>[39m
        [36m</button>[39m
        [36m<span[39m
          [33mclass[39m=[32m"tooltip__overlay"[39m
          [33mid[39m=[32m"s0-0-overlay"[39m
          [33mrole[39m=[32m"tooltip"[39m
          [33mstyle[39m=[32m"transform:translateX(-50%) scale3d(1,1,1);left:50%;right:auto;top:auto;bottom:calc(100% + 12px);"[39m
        [36m>[39m
          [36m<span[39m
            [33mclass[39m=[32m"tooltip__pointer tooltip__pointer--bottom"[39m
          [36m/>[39m
          [36m<span[39m
            [33mclass[39m=[32m"tooltip__mask"[39m
          [36m>[39m
            [36m<span[39m
              [33mclass[39m=[32m"tooltip__cell"[39m
            [36m>[39m
              [36m<span[39m
                [33mclass[39m=[32m"tooltip__content"[39m
              [36m>[39m
                [36m<p>[39m
                  [0mUse Access Key 'S' to display settings.[0m
                [36m</p>[39m
              [36m</span>[39m
            [36m</span>[39m
          [36m</span>[39m
        [36m</span>[39m
      [36m</span>[39m
    [36m</span>[39m
  [36m</span>[39m
[36m</DocumentFragment>[39m