[36m<DocumentFragment>[39m
  [36m<span[39m
    [33mclass[39m=[32m"fake-menu-button"[39m
  [36m>[39m
    [36m<button[39m
      [33maria-expanded[39m=[32m"false"[39m
      [33maria-label[39m=[32m"Menu A11y Text"[39m
      [33mclass[39m=[32m"fake-menu-button__button btn btn--secondary"[39m
      [33mdata-ebayui[39m=[32m""[39m
      [33mtype[39m=[32m"button"[39m
    [36m>[39m
      [36m<span[39m
        [33mclass[39m=[32m"btn__cell"[39m
      [36m>[39m
        [0micon content[0m
        [36m<svg[39m
          [33maria-hidden[39m=[32m"true"[39m
          [33mclass[39m=[32m"icon icon--dropdown"[39m
          [33mfocusable[39m=[32m"false"[39m
        [36m>[39m
          [36m<defs>[39m
            [36m<symbol[39m
              [33mid[39m=[32m"icon-dropdown"[39m
              [33mviewBox[39m=[32m"1.35 5.7 21.6 12.58"[39m
            [36m>[39m
              [36m<path[39m
                [33md[39m=[32m"M12.186 18.285c-.451-.009-.809-.167-1.075-.441l-9.337-9.6a1.527 1.527 0 01-.424-.999v-.108c.015-.386.166-.741.424-1.008.56-.573 1.529-.57 2.082 0l8.294 8.53 8.292-8.532c.558-.57 1.526-.57 2.08 0 .265.27.416.629.428 1.01v.087c-.012.391-.165.75-.427 1.02l-9.333 9.6a1.443 1.443 0 01-1.004.441"[39m
              [36m/>[39m
            [36m</symbol>[39m
          [36m</defs>[39m
          [36m<use[39m
            [33mxlink:href[39m=[32m"#icon-dropdown"[39m
          [36m/>[39m
        [36m</svg>[39m
      [36m</span>[39m
    [36m</button>[39m
    [36m<span[39m
      [33mclass[39m=[32m"fake-menu-button__menu"[39m
      [33mtabindex[39m=[32m"-1"[39m
    [36m>[39m
      [36m<ul[39m
        [33mclass[39m=[32m"fake-menu__items"[39m
        [33mid[39m=[32m"s0-@content-menu"[39m
        [33mtabindex[39m=[32m"-1"[39m
      [36m>[39m
        [36m<li>[39m
          [36m<a[39m
            [33mclass[39m=[32m"fake-menu-button__item"[39m
            [33mhref[39m=[32m"#0"[39m
          [36m>[39m
            [36m<span>[39m
              [0mItem text 0[0m
            [36m</span>[39m
            [36m<svg[39m
              [33maria-hidden[39m=[32m"true"[39m
              [33mclass[39m=[32m"icon icon--tick-small"[39m
              [33mfocusable[39m=[32m"false"[39m
            [36m>[39m
              [36m<defs>[39m
                [36m<symbol[39m
                  [33mid[39m=[32m"icon-tick-small"[39m
                  [33mviewBox[39m=[32m"0 0 12 9"[39m
                [36m>[39m
                  [36m<path[39m
                    [33md[39m=[32m"M11.714.29a1 1 0 00-1.41 0l-6.3 6.3-2.29-2.3a1.004 1.004 0 00-1.42 1.42l3 3a1 1 0 001.41 0l7-7a1 1 0 00.01-1.42z"[39m
                    [33mfill-rule[39m=[32m"evenodd"[39m
                  [36m/>[39m
                [36m</symbol>[39m
              [36m</defs>[39m
              [36m<use[39m
                [33mxlink:href[39m=[32m"#icon-tick-small"[39m
              [36m/>[39m
            [36m</svg>[39m
          [36m</a>[39m
        [36m</li>[39m
        [36m<li>[39m
          [36m<a[39m
            [33mclass[39m=[32m"fake-menu-button__item"[39m
            [33mhref[39m=[32m"#1"[39m
          [36m>[39m
            [36m<span>[39m
              [0mItem text 1[0m
            [36m</span>[39m
            [36m<svg[39m
              [33maria-hidden[39m=[32m"true"[39m
              [33mclass[39m=[32m"icon icon--tick-small"[39m
              [33mfocusable[39m=[32m"false"[39m
            [36m>[39m
              [36m<use[39m
                [33mxlink:href[39m=[32m"#icon-tick-small"[39m
              [36m/>[39m
            [36m</svg>[39m
          [36m</a>[39m
        [36m</li>[39m
      [36m</ul>[39m
    [36m</span>[39m
  [36m</span>[39m
[36m</DocumentFragment>[39m