[36m<DocumentFragment>[39m
  [36m<div[39m
    [33mstyle[39m=[32m"width:100%"[39m
  [36m>[39m
    [36m<button[39m
      [33mclass[39m=[32m"btn btn--secondary"[39m
      [33mdata-ebayui[39m=[32m""[39m
      [33mtype[39m=[32m"button"[39m
    [36m>[39m
      [0mClear Selection[0m
    [36m</button>[39m
    [36m<div[39m
      [33mclass[39m=[32m"toggle-button-group"[39m
    [36m>[39m
      [36m<ul[39m
        [33maria-label[39m=[32m"Toggle Button Group"[39m
      [36m>[39m
        [36m<li>[39m
          [36m<button[39m
            [33mclass[39m=[32m"toggle-button"[39m
            [33mtype[39m=[32m"button"[39m
          [36m>[39m
            [36m<span[39m
              [33mclass[39m=[32m"toggle-button__content"[39m
            [36m>[39m
              [36m<span[39m
                [33mclass[39m=[32m"toggle-button__title"[39m
              [36m>[39m
                [0mOption 1[0m
              [36m</span>[39m
            [36m</span>[39m
          [36m</button>[39m
        [36m</li>[39m
        [36m<li>[39m
          [36m<button[39m
            [33mclass[39m=[32m"toggle-button"[39m
            [33mtype[39m=[32m"button"[39m
          [36m>[39m
            [36m<span[39m
              [33mclass[39m=[32m"toggle-button__content"[39m
            [36m>[39m
              [36m<span[39m
                [33mclass[39m=[32m"toggle-button__title"[39m
              [36m>[39m
                [0mOption 2[0m
              [36m</span>[39m
            [36m</span>[39m
          [36m</button>[39m
        [36m</li>[39m
        [36m<li>[39m
          [36m<button[39m
            [33mclass[39m=[32m"toggle-button"[39m
            [33mtype[39m=[32m"button"[39m
          [36m>[39m
            [36m<span[39m
              [33mclass[39m=[32m"toggle-button__content"[39m
            [36m>[39m
              [36m<span[39m
                [33mclass[39m=[32m"toggle-button__title"[39m
              [36m>[39m
                [0mOption 3[0m
              [36m</span>[39m
            [36m</span>[39m
          [36m</button>[39m
        [36m</li>[39m
      [36m</ul>[39m
    [36m</div>[39m
  [36m</div>[39m
[36m</DocumentFragment>[39m