[36m<DocumentFragment>[39m
  [36m<span[39m
    [33mclass[39m=[32m"combobox"[39m
  [36m>[39m
    [36m<span[39m
      [33mclass[39m=[32m"combobox__control combobox__control--borderless"[39m
    [36m>[39m
      [36m<input[39m
        [33maria-autocomplete[39m=[32m"list"[39m
        [33maria-expanded[39m=[32m"false"[39m
        [33maria-haspopup[39m=[32m"listbox"[39m
        [33maria-roledescription[39m=[32m"Use up and down arrow keys to navigate options. Options change based on text input"[39m
        [33mautocomplete[39m=[32m"off"[39m
        [33mid[39m=[32m"s0-input"[39m
        [33mname[39m=[32m"example1text"[39m
        [33mrole[39m=[32m"combobox"[39m
        [33mtype[39m=[32m"text"[39m
      [36m/>[39m
      [36m<svg[39m
        [33maria-hidden[39m=[32m"true"[39m
        [33mclass[39m=[32m"icon icon--chevron-down-12"[39m
        [33mfocusable[39m=[32m"false"[39m
      [36m>[39m
        [36m<defs>[39m
          [36m<symbol[39m
            [33mid[39m=[32m"icon-chevron-down-12"[39m
            [33mviewBox[39m=[32m"0 0 12 12"[39m
          [36m>[39m
            [36m<path[39m
              [33mclip-rule[39m=[32m"evenodd"[39m
              [33md[39m=[32m"M1.808 4.188a.625.625 0 0 1 .884 0L6 7.495l3.308-3.307a.625.625 0 1 1 .884.885l-3.75 3.749a.625.625 0 0 1-.884 0l-3.75-3.749a.626.626 0 0 1 0-.885Z"[39m
              [33mfill-rule[39m=[32m"evenodd"[39m
            [36m/>[39m
          [36m</symbol>[39m
        [36m</defs>[39m
        [36m<use[39m
          [33mxlink:href[39m=[32m"#icon-chevron-down-12"[39m
        [36m/>[39m
      [36m</svg>[39m
    [36m</span>[39m
    [36m<div[39m
      [33mclass[39m=[32m"combobox__listbox"[39m
      [33mrole[39m=[32m"listbox"[39m
    [36m>[39m
      [36m<div[39m
        [33mclass[39m=[32m"combobox__option"[39m
        [33mrole[39m=[32m"option"[39m
        [33mtabindex[39m=[32m"-1"[39m
        [33mvalue[39m=[32m"1"[39m
      [36m>[39m
        [36m<span>[39m
          [0mAugust Campaign[0m
        [36m</span>[39m
      [36m</div>[39m
      [36m<div[39m
        [33mclass[39m=[32m"combobox__option"[39m
        [33mrole[39m=[32m"option"[39m
        [33mtabindex[39m=[32m"-1"[39m
        [33mvalue[39m=[32m"2"[39m
      [36m>[39m
        [36m<span>[39m
          [0m4th of July Sale (paused)[0m
        [36m</span>[39m
      [36m</div>[39m
      [36m<div[39m
        [33mclass[39m=[32m"combobox__option"[39m
        [33mrole[39m=[32m"option"[39m
        [33mtabindex[39m=[32m"-1"[39m
        [33mvalue[39m=[32m"3"[39m
      [36m>[39m
        [36m<span>[39m
          [0mBasic Offer[0m
        [36m</span>[39m
      [36m</div>[39m
      [36m<div[39m
        [33mclass[39m=[32m"combobox__option"[39m
        [33mrole[39m=[32m"option"[39m
        [33mtabindex[39m=[32m"-1"[39m
        [33mvalue[39m=[32m"4"[39m
      [36m>[39m
        [36m<span>[39m
          [0mBasic Offer 2[0m
        [36m</span>[39m
      [36m</div>[39m
      [36m<div[39m
        [33mclass[39m=[32m"combobox__option"[39m
        [33mrole[39m=[32m"option"[39m
        [33mtabindex[39m=[32m"-1"[39m
        [33mvalue[39m=[32m"5"[39m
      [36m>[39m
        [36m<span>[39m
          [0mBasic Offer 3[0m
        [36m</span>[39m
      [36m</div>[39m
      [36m<div[39m
        [33mclass[39m=[32m"combobox__option"[39m
        [33mrole[39m=[32m"option"[39m
        [33mtabindex[39m=[32m"-1"[39m
        [33mvalue[39m=[32m"6"[39m
      [36m>[39m
        [36m<span>[39m
          [0mBasic Offer 4[0m
        [36m</span>[39m
      [36m</div>[39m
    [36m</div>[39m
  [36m</span>[39m
[36m</DocumentFragment>[39m