[36m<DocumentFragment>[39m
  [36m<button[39m
    [33maria-label[39m=[32m"icon button"[39m
    [33mclass[39m=[32m"icon-btn"[39m
    [33mdata-ebayui[39m=[32m""[39m
    [33mhref[39m=[32m""[39m
    [33mtype[39m=[32m"button"[39m
  [36m>[39m
    [36m<svg[39m
      [33maria-hidden[39m=[32m"true"[39m
      [33mclass[39m=[32m"icon icon--menu-24"[39m
      [33mfocusable[39m=[32m"false"[39m
    [36m>[39m
      [36m<defs>[39m
        [36m<symbol[39m
          [33mid[39m=[32m"icon-menu-24"[39m
          [33mviewBox[39m=[32m"0 0 24 24"[39m
        [36m>[39m
          [36m<path[39m
            [33md[39m=[32m"M3 5h18a1 1 0 0 0 0-2H3a1 1 0 0 0 0 2Zm18 6H3a1 1 0 0 0 0 2h18a1 1 0 0 0 0-2ZM3 19h18a1 1 0 0 1 0 2H3a1 1 0 0 1 0-2Z"[39m
          [36m/>[39m
        [36m</symbol>[39m
      [36m</defs>[39m
      [36m<use[39m
        [33mhref[39m=[32m"#icon-menu-24"[39m
      [36m/>[39m
    [36m</svg>[39m
  [36m</button>[39m
[36m</DocumentFragment>[39m