[36m<DocumentFragment>[39m
  [36m<div[39m
    [33maria-labelledby[39m=[32m"drawer-title"[39m
    [33maria-modal[39m=[32m"true"[39m
    [33mclass[39m=[32m"drawer-dialog drawer-dialog--mask-fade-slow"[39m
    [33mhidden[39m=[32m""[39m
    [33mrole[39m=[32m"dialog"[39m
  [36m>[39m
    [36m<div[39m
      [33mclass[39m=[32m"drawer-dialog__window drawer-dialog__window drawer-dialog__window--slide"[39m
    [36m>[39m
      [36m<button[39m
        [33maria-label[39m=[32m"Maximize Drawer"[39m
        [33mclass[39m=[32m"drawer-dialog__handle"[39m
      [36m/>[39m
      [36m<div[39m
        [33mclass[39m=[32m"drawer-dialog__header"[39m
      [36m>[39m
        [36m<h2[39m
          [33mclass[39m=[32m"drawer-dialog__title"[39m
          [33mid[39m=[32m"s0-0-@dialog-dialog-title"[39m
        [36m>[39m
          [0mHeading Text[0m
        [36m</h2>[39m
        [36m<button[39m
          [33maria-label[39m=[32m"Close drawer"[39m
          [33mclass[39m=[32m"fake-link drawer-dialog__close"[39m
          [33mtype[39m=[32m"button"[39m
        [36m>[39m
          [0mClose dialog[0m
        [36m</button>[39m
      [36m</div>[39m
      [36m<div[39m
        [33mclass[39m=[32m"drawer-dialog__main"[39m
      [36m>[39m
        [0mBody Content[0m
      [36m</div>[39m
    [36m</div>[39m
  [36m</div>[39m
  [36m<button[39m
    [33mclass[39m=[32m"btn btn--secondary"[39m
    [33mdata-ebayui[39m=[32m""[39m
    [33mtype[39m=[32m"button"[39m
  [36m>[39m
    [0mOpen drawer[0m
  [36m</button>[39m
[36m</DocumentFragment>[39m