[36m<DocumentFragment>[39m
  [36m<div[39m
    [33mclass[39m=[32m"segmented-buttons segmented-buttons--large"[39m
  [36m>[39m
    [36m<ul>[39m
      [36m<li>[39m
        [36m<button[39m
          [33maria-current[39m=[32m"true"[39m
          [33mclass[39m=[32m"segmented-buttons__button"[39m
          [33mvalue[39m=[32m"quarter1"[39m
        [36m>[39m
          [0mQ1[0m
        [36m</button>[39m
      [36m</li>[39m
      [36m<li>[39m
        [36m<button[39m
          [33mclass[39m=[32m"segmented-buttons__button"[39m
          [33mvalue[39m=[32m"quarter2"[39m
        [36m>[39m
          [0mQ2[0m
        [36m</button>[39m
      [36m</li>[39m
      [36m<li>[39m
        [36m<button[39m
          [33mclass[39m=[32m"segmented-buttons__button"[39m
          [33mvalue[39m=[32m"quarter3"[39m
        [36m>[39m
          [0mQ3[0m
        [36m</button>[39m
      [36m</li>[39m
      [36m<li>[39m
        [36m<button[39m
          [33mclass[39m=[32m"segmented-buttons__button"[39m
          [33mvalue[39m=[32m"quarter4"[39m
        [36m>[39m
          [0mQ4[0m
        [36m</button>[39m
      [36m</li>[39m
    [36m</ul>[39m
  [36m</div>[39m
[36m</DocumentFragment>[39m