<ebay-combobox on-combobox-input(() => {}) on-combobox-collapse(() => {}) on-combobox-change(() => {}) on-combobox-select(() => {}) on-combobox-expand(() => {})/>