<ebay-textbox on-textbox-change(() => {}) on-textbox-input(() => {}) on-textbox-focus(() => {}) on-textbox-blur(() => {}) on-textbox-keydown(() => {}) on-textbox-keypress(() => {}) on-textbox-keyup(() => {}) on-textbox-floating-label-init(() => {}) on-textbox-button-click(() => {})/>