<ebay-toast on-toast-show(() => {}) on-toast-close(() => {})/>