"use strict";

<ebay-tourtip on-tooltip-collapse(() => {})/>