<ebay-drawer on-drawer-show(() => {}) on-drawer-collapsed(() => {}) on-drawer-close(() => {}) on-drawer-expanded(() => {})/>