<ebay-filter-menu-button on-filter-menu-button-form-submit(() => {}) on-filter-menu-button-change(() => {}) on-filter-menu-button-footer-click(() => {}) on-filter-menu-button-expand(() => {}) on-filter-menu-button-collapse(() => {})/>