<ebay-combobox-readonly on-combobox-collapse(() => {}) on-combobox-change(() => {}) on-combobox-expand(() => {})/>