[36m<DocumentFragment>[39m
  [36m<section[39m
    [33maria-labelledby[39m=[32m"s0-0-0-status"[39m
    [33maria-roledescription[39m=[32m"Notice"[39m
    [33mclass[39m=[32m"education-notice"[39m
    [33mrole[39m=[32m"region"[39m
  [36m>[39m
    [36m<div[39m
      [33mclass[39m=[32m"education-notice__header"[39m
      [33mid[39m=[32m"s0-0-0-status"[39m
    [36m>[39m
      [36m<svg[39m
        [33maria-label[39m=[32m"ebay vault"[39m
        [33mclass[39m=[32m"icon--prominent icon icon--authenticity-guarantee-24"[39m
        [33mfocusable[39m=[32m"false"[39m
        [33mrole[39m=[32m"img"[39m
      [36m>[39m
        [36m<defs>[39m
          [36m<symbol[39m
            [33mid[39m=[32m"icon-authenticity-guarantee-24"[39m
            [33mviewBox[39m=[32m"0 0 24 24"[39m
          [36m>[39m
            [36m<path[39m
              [33md[39m=[32m"M17.707 8.293a1 1 0 0 1 0 1.414l-7 7a1 1 0 0 1-1.414 0l-3-3a1 1 0 1 1 1.414-1.414L10 14.586l6.293-6.293a1 1 0 0 1 1.414 0Z"[39m
            [36m/>[39m
            [36m<path[39m
              [33mclip-rule[39m=[32m"evenodd"[39m
              [33md[39m=[32m"M1.192 8.76a3.756 3.756 0 0 0 .875-2.113 4.98 4.98 0 0 1 1.448-3.132 4.98 4.98 0 0 1 3.133-1.449 3.756 3.756 0 0 0 2.113-.875A4.98 4.98 0 0 1 12 0a4.98 4.98 0 0 1 3.24 1.191 3.756 3.756 0 0 0 2.113.875 4.98 4.98 0 0 1 3.133 1.449 4.98 4.98 0 0 1 1.448 3.133 3.76 3.76 0 0 0 .875 2.113A4.98 4.98 0 0 1 24 12a4.98 4.98 0 0 1-1.19 3.239 3.757 3.757 0 0 0-.876 2.113 4.98 4.98 0 0 1-1.448 3.133 4.98 4.98 0 0 1-3.133 1.449 3.756 3.756 0 0 0-2.114.875A4.98 4.98 0 0 1 12 24a4.98 4.98 0 0 1-3.24-1.191 3.755 3.755 0 0 0-2.112-.875 4.98 4.98 0 0 1-3.133-1.449 4.98 4.98 0 0 1-1.448-3.132 3.756 3.756 0 0 0-.876-2.113A4.98 4.98 0 0 1 0 12a4.98 4.98 0 0 1 1.192-3.24ZM4.06 6.807a2.98 2.98 0 0 1 .87-1.877 2.98 2.98 0 0 1 1.878-.869 5.756 5.756 0 0 0 3.25-1.346A2.98 2.98 0 0 1 12 2a2.98 2.98 0 0 1 1.943.714 5.756 5.756 0 0 0 3.25 1.346 2.98 2.98 0 0 1 1.878.869 2.98 2.98 0 0 1 .87 1.879 5.756 5.756 0 0 0 1.345 3.25c.447.524.714 1.2.714 1.942a2.98 2.98 0 0 1-.714 1.943 5.756 5.756 0 0 0-1.345 3.25 2.98 2.98 0 0 1-.87 1.878 2.98 2.98 0 0 1-1.878.87 5.756 5.756 0 0 0-3.25 1.345A2.98 2.98 0 0 1 12 22a2.98 2.98 0 0 1-1.943-.714 5.756 5.756 0 0 0-3.25-1.346 2.98 2.98 0 0 1-1.878-.869 2.98 2.98 0 0 1-.869-1.878 5.756 5.756 0 0 0-1.346-3.25A2.98 2.98 0 0 1 2 12c0-.743.268-1.419.714-1.943a5.756 5.756 0 0 0 1.347-3.25Z"[39m
              [33mfill-rule[39m=[32m"evenodd"[39m
            [36m/>[39m
          [36m</symbol>[39m
        [36m</defs>[39m
        [36m<use[39m
          [33mhref[39m=[32m"#icon-authenticity-guarantee-24"[39m
        [36m/>[39m
      [36m</svg>[39m
      [36m<h2[39m
        [33mclass[39m=[32m"education-notice__title"[39m
      [36m>[39m
        [36m<div>[39m
          [0mNotice title[0m
        [36m</div>[39m
      [36m</h2>[39m
    [36m</div>[39m
    [36m<div[39m
      [33mclass[39m=[32m"education-notice__main"[39m
    [36m>[39m
      [36m<p>[39m
        [0mThe eBay vault will store items for you.[0m
      [36m</p>[39m
    [36m</div>[39m
  [36m</section>[39m
[36m</DocumentFragment>[39m