[36m<DocumentFragment>[39m
  [36m<button[39m
    [33mclass[39m=[32m"btn btn--secondary"[39m
    [33mdata-ebayui[39m=[32m""[39m
    [33mtype[39m=[32m"button"[39m
  [36m>[39m
    [0mOpen Default Snackbar[0m
  [36m</button>[39m
  [36m<div[39m
    [33maria-live[39m=[32m"polite"[39m
    [33maria-modal[39m=[32m"true"[39m
    [33mclass[39m=[32m"snackbar-dialog snackbar-dialog--transition"[39m
    [33mrole[39m=[32m"dialog"[39m
  [36m>[39m
    [36m<div[39m
      [33mclass[39m=[32m"snackbar-dialog__window"[39m
    [36m>[39m
      [36m<div[39m
        [33mclass[39m=[32m"snackbar-dialog__header"[39m
      [36m/>[39m
      [36m<div[39m
        [33mclass[39m=[32m"snackbar-dialog__main"[39m
      [36m>[39m
        [0mThis 'snackbar' text should be 1-2 lines.[0m
      [36m</div>[39m
    [36m</div>[39m
  [36m</div>[39m
[36m</DocumentFragment>[39m